2026-09-12T11:50:14Z INF Thank you for trying Cloudflare Tunnel. Doing so, without a Cloudflare account, is a quick way to experiment and try it out. However, be aware that these account-less Tunnels have no uptime guarantee, are subject to the Cloudflare Online Services Terms of Use (https://www.cloudflare.com/website-terms/), and Cloudflare reserves the right to investigate your use of Tunnels for violations of such terms. If you intend to use Tunnels in production you should use a pre-created named tunnel by following: https://developers.cloudflare.com/cloudflare-one/connections/connect-apps
2026-09-12T11:50:14Z INF Requesting new quick Tunnel on trycloudflare.com...
2026-09-12T11:50:19Z INF +--------------------------------------------------------------------------------------------+
2026-09-12T11:50:19Z INF |  Your quick Tunnel has been created! Visit it at (it may take some time to be reachable):  |
2026-09-12T11:50:19Z INF |  https://suite-soil-happy-python.trycloudflare.com                                         |
2026-09-12T11:50:19Z INF +--------------------------------------------------------------------------------------------+
2026-09-12T11:50:19Z INF Cannot determine default configuration path. No file [config.yml config.yaml] in [~/.cloudflared ~/.cloudflare-warp ~/cloudflare-warp]
2026-09-12T11:50:19Z INF Version 2026.8.2 (Checksum c29eee2b121f5436a642eed69fd9767da7e7b8c510fa50aaa130337f931357b5)
2026-09-12T11:50:19Z INF GOOS: windows, GOVersion: go1.26.4, GoArch: amd64
2026-09-12T11:50:19Z INF Settings: map[ha-connections:1 no-autoupdate:true protocol:quic url:http://127.0.0.1:3000]
2026-09-12T11:50:19Z INF cloudflared will not automatically update on Windows systems.
2026-09-12T11:50:19Z INF Generated Connector ID: 65118db0-b55f-453a-a5e2-831c71a545fc
2026-09-12T11:50:20Z INF Initial protocol quic
2026-09-12T11:50:20Z INF ICMP proxy will use 192.168.1.4 as source for IPv4
2026-09-12T11:50:20Z INF ICMP proxy will use fe80::b55c:8ac:d97b:9cbb in zone Wi-Fi as source for IPv6
2026-09-12T11:50:20Z INF cloudflared does not support loading the system root certificate pool on Windows. Please use --origin-ca-pool <PATH> to specify the path to the certificate pool
2026-09-12T11:50:20Z INF ICMP proxy will use 192.168.1.4 as source for IPv4
2026-09-12T11:50:20Z INF Tunnel connection curve preferences: [X25519MLKEM768 CurveID(65074) CurveP256] connIndex=0 event=0 ip=198.41.192.57
2026-09-12T11:50:20Z INF ICMP proxy will use fe80::b55c:8ac:d97b:9cbb in zone Wi-Fi as source for IPv6
2026-09-12T11:50:20Z INF Starting metrics server on 127.0.0.1:20241/metrics
2026-09-12T11:50:20Z INF +-------------------------------------------------------------------------------------+
2026-09-12T11:50:20Z INF |                               CONNECTIVITY PRE-CHECKS                               |
2026-09-12T11:50:20Z INF +-------------------------------------------------------------------------------------+
2026-09-12T11:50:20Z INF |  COMPONENT         TARGET                     STATUS  DETAILS                       |
2026-09-12T11:50:20Z INF |  DNS Resolution    region1.v2.argotunnel.com  PASS    DNS Resolved successfully     |
2026-09-12T11:50:20Z INF |  DNS Resolution    region2.v2.argotunnel.com  PASS    DNS Resolved successfully     |
2026-09-12T11:50:20Z INF |  UDP Connectivity  region1.v2.argotunnel.com  PASS    QUIC connection successful    |
2026-09-12T11:50:20Z INF |  UDP Connectivity  region2.v2.argotunnel.com  PASS    QUIC connection successful    |
2026-09-12T11:50:20Z INF |  TCP Connectivity  region1.v2.argotunnel.com  PASS    HTTP/2 connection successful  |
2026-09-12T11:50:20Z INF |  TCP Connectivity  region2.v2.argotunnel.com  PASS    HTTP/2 connection successful  |
2026-09-12T11:50:20Z INF |  Cloudflare API    api.cloudflare.com:443     PASS    API is reachable              |
2026-09-12T11:50:20Z INF |                                                                                     |
2026-09-12T11:50:20Z INF |  SUMMARY: Environment is healthy. cloudflared will use 'quic' as primary protocol.  |
2026-09-12T11:50:20Z INF +-------------------------------------------------------------------------------------+
2026-09-12T11:50:20Z INF precheck component="DNS Resolution" details="DNS Resolved successfully" run_id=c6d39c94-5f71-42b2-8300-a250a4843416 status=pass target=region1.v2.argotunnel.com
2026-09-12T11:50:20Z INF precheck component="DNS Resolution" details="DNS Resolved successfully" run_id=c6d39c94-5f71-42b2-8300-a250a4843416 status=pass target=region2.v2.argotunnel.com
2026-09-12T11:50:20Z INF precheck component="UDP Connectivity" details="QUIC connection successful" run_id=c6d39c94-5f71-42b2-8300-a250a4843416 status=pass target=region1.v2.argotunnel.com
2026-09-12T11:50:20Z INF precheck component="UDP Connectivity" details="QUIC connection successful" run_id=c6d39c94-5f71-42b2-8300-a250a4843416 status=pass target=region2.v2.argotunnel.com
2026-09-12T11:50:20Z INF precheck component="TCP Connectivity" details="HTTP/2 connection successful" run_id=c6d39c94-5f71-42b2-8300-a250a4843416 status=pass target=region1.v2.argotunnel.com
2026-09-12T11:50:20Z INF precheck component="TCP Connectivity" details="HTTP/2 connection successful" run_id=c6d39c94-5f71-42b2-8300-a250a4843416 status=pass target=region2.v2.argotunnel.com
2026-09-12T11:50:20Z INF precheck component="Cloudflare API" details="API is reachable" run_id=c6d39c94-5f71-42b2-8300-a250a4843416 status=pass target=api.cloudflare.com:443
2026-09-12T11:50:20Z INF precheck complete hard_fail=false run_id=c6d39c94-5f71-42b2-8300-a250a4843416 suggested_protocol=quic
2026-09-12T11:50:20Z INF Registered tunnel connection connIndex=0 connection=d142ea34-5d8c-4a9d-9f60-cbefa8b218f3 event=0 ip=198.41.192.57 location=fra03 protocol=quic
